?   	github.com/thecodedproject/dbcrudgen/examples/single_type	[no test files]
FAIL	github.com/thecodedproject/dbcrudgen/examples/single_type/my_data_model [build failed]
FAIL
# github.com/thecodedproject/dbcrudgen/examples/single_type/my_data_model
examples/single_type/my_data_model/db_crud.go:12:1: missing return
